2025-09-06 23:39:54,775 - agent.synthetic_generator_3 - INFO - Starting execution of synthetic_generator_3
2025-09-06 23:39:54,776 - agent.synthetic_generator_3 - INFO - Agent 3 generating triplets data for 79 topics
2025-09-06 23:39:54,777 - agent.synthetic_generator_3 - DEBUG - Generating data for topic (1/79): √ÃÂ“… «··Ì“— «·„” Œœ„… ›Ì «·›Ì„ Ê ·Ì“ﬂ »„” ‘›Ï »«‰ﬂÊﬂ
2025-09-06 23:39:54,777 - agent.synthetic_generator_3 - ERROR - Synthetic data generation failed for agent 3: GeminiService.generate_synthetic_data() missing 1 required positional argument: 'language'
2025-09-06 23:39:54,778 - agent.synthetic_generator_3 - ERROR - Error in synthetic_generator_3 after 0.00s: GeminiService.generate_synthetic_data() missing 1 required positional argument: 'language'
Traceback (most recent call last):
  File "D:\Learn\web_data_generation_pipeline\agents\base_agent.py", line 83, in run
    result = self.execute(input_data, context)
             ^^^^^^^^^^^^^^^^^^^^^^^^^^^^^^^^^
  File "D:\Learn\web_data_generation_pipeline\agents\synthetic_data_generator_agent.py", line 45, in execute
    generated_items = gemini_service.generate_synthetic_data(topic, data_type)
                      ^^^^^^^^^^^^^^^^^^^^^^^^^^^^^^^^^^^^^^^^^^^^^^^^^^^^^^^^
TypeError: GeminiService.generate_synthetic_data() missing 1 required positional argument: 'language'
2025-09-07 00:24:55,983 - agent.synthetic_generator_3 - INFO - Starting execution of synthetic_generator_3
2025-09-07 00:24:55,984 - agent.synthetic_generator_3 - INFO - Agent 3 generating triplets data for 76 topics in ar
2025-09-07 00:24:55,984 - agent.synthetic_generator_3 - DEBUG - Generating data for topic (1/76): œﬁ… Ê÷⁄ «·⁄·«„«  ⁄·Ï «·„‰ Ã«  «·⁄‘»Ì…
2025-09-07 00:25:01,058 - agent.synthetic_generator_3 - DEBUG - Generated 5 data points for topic: œﬁ… Ê÷⁄ «·⁄·«„«  ⁄·Ï «·„‰ Ã«  «·⁄‘»Ì…
2025-09-07 00:25:01,059 - agent.synthetic_generator_3 - DEBUG - Generating data for topic (2/76): «··Ê«∆Õ «·ÕﬂÊ„Ì… «·„‰Ÿ„… ·ÿ» «·√⁄‘«»
2025-09-07 00:25:07,018 - agent.synthetic_generator_3 - DEBUG - Generated 5 data points for topic: «··Ê«∆Õ «·ÕﬂÊ„Ì… «·„‰Ÿ„… ·ÿ» «·√⁄‘«»
2025-09-07 00:25:07,018 - agent.synthetic_generator_3 - DEBUG - Generating data for topic (3/76): œÊ— «·„—ﬂ»«  «·‰»« Ì… ›Ì ’‰«⁄… «·√œÊÌ… «·ÕœÌÀ…
2025-09-07 00:25:13,843 - agent.synthetic_generator_3 - DEBUG - Generated 5 data points for topic: œÊ— «·„—ﬂ»«  «·‰»« Ì… ›Ì ’‰«⁄… «·√œÊÌ… «·ÕœÌÀ…
2025-09-07 00:25:13,843 - agent.synthetic_generator_3 - DEBUG - Generating data for topic (4/76): «· œ«ÊÌ «·–« Ì »«·√⁄‘«» ·œÏ «·ÕÌÊ«‰« 
2025-09-07 00:25:20,225 - agent.synthetic_generator_3 - DEBUG - Generated 5 data points for topic: «· œ«ÊÌ «·–« Ì »«·√⁄‘«» ·œÏ «·ÕÌÊ«‰« 
2025-09-07 00:25:20,225 - agent.synthetic_generator_3 - DEBUG - Generating data for topic (5/76):  ÿ»Ìﬁ«  «·»«»Ê‰Ã «·⁄·«ÃÌ…
2025-09-07 00:25:23,553 - agent.synthetic_generator_3 - ERROR - Synthetic data generation failed for agent 3: Failed to generate text after 3 attempts: 429 You exceeded your current quota, please check your plan and billing details. For more information on this error, head to: https://ai.google.dev/gemini-api/docs/rate-limits. [violations {
  quota_metric: "generativelanguage.googleapis.com/generate_content_free_tier_requests"
  quota_id: "GenerateRequestsPerMinutePerProjectPerModel-FreeTier"
  quota_dimensions {
    key: "model"
    value: "gemini-2.5-flash"
  }
  quota_dimensions {
    key: "location"
    value: "global"
  }
  quota_value: 10
}
, links {
  description: "Learn more about Gemini API quotas"
  url: "https://ai.google.dev/gemini-api/docs/rate-limits"
}
, retry_delay {
  seconds: 36
}
]
2025-09-07 00:25:23,554 - agent.synthetic_generator_3 - ERROR - Error in synthetic_generator_3 after 27.57s: Failed to generate text after 3 attempts: 429 You exceeded your current quota, please check your plan and billing details. For more information on this error, head to: https://ai.google.dev/gemini-api/docs/rate-limits. [violations {
  quota_metric: "generativelanguage.googleapis.com/generate_content_free_tier_requests"
  quota_id: "GenerateRequestsPerMinutePerProjectPerModel-FreeTier"
  quota_dimensions {
    key: "model"
    value: "gemini-2.5-flash"
  }
  quota_dimensions {
    key: "location"
    value: "global"
  }
  quota_value: 10
}
, links {
  description: "Learn more about Gemini API quotas"
  url: "https://ai.google.dev/gemini-api/docs/rate-limits"
}
, retry_delay {
  seconds: 36
}
]
Traceback (most recent call last):
  File "D:\Learn\web_data_generation_pipeline\services\gemini_service.py", line 35, in generate_text
    response = self.model.generate_content(
               ^^^^^^^^^^^^^^^^^^^^^^^^^^^^
  File "D:\Learn\web_data_generation_pipeline\.venv\Lib\site-packages\google\generativeai\generative_models.py", line 243, in generate_content
    response = self._client.generate_content(request)
               ^^^^^^^^^^^^^^^^^^^^^^^^^^^^^^^^^^^^^^
  File "D:\Learn\web_data_generation_pipeline\.venv\Lib\site-packages\google\ai\generativelanguage_v1beta\services\generative_service\client.py", line 566, in generate_content
    response = rpc(
               ^^^^
  File "D:\Learn\web_data_generation_pipeline\.venv\Lib\site-packages\google\api_core\gapic_v1\method.py", line 131, in __call__
    return wrapped_func(*args, **kwargs)
           ^^^^^^^^^^^^^^^^^^^^^^^^^^^^^
  File "D:\Learn\web_data_generation_pipeline\.venv\Lib\site-packages\google\api_core\retry\retry_unary.py", line 294, in retry_wrapped_func
    return retry_target(
           ^^^^^^^^^^^^^
  File "D:\Learn\web_data_generation_pipeline\.venv\Lib\site-packages\google\api_core\retry\retry_unary.py", line 156, in retry_target
    next_sleep = _retry_error_helper(
                 ^^^^^^^^^^^^^^^^^^^^
  File "D:\Learn\web_data_generation_pipeline\.venv\Lib\site-packages\google\api_core\retry\retry_base.py", line 214, in _retry_error_helper
    raise final_exc from source_exc
  File "D:\Learn\web_data_generation_pipeline\.venv\Lib\site-packages\google\api_core\retry\retry_unary.py", line 147, in retry_target
    result = target()
             ^^^^^^^^
  File "D:\Learn\web_data_generation_pipeline\.venv\Lib\site-packages\google\api_core\timeout.py", line 130, in func_with_timeout
    return func(*args, **kwargs)
           ^^^^^^^^^^^^^^^^^^^^^
  File "D:\Learn\web_data_generation_pipeline\.venv\Lib\site-packages\google\api_core\grpc_helpers.py", line 78, in error_remapped_callable
    raise exceptions.from_grpc_error(exc) from exc
google.api_core.exceptions.ResourceExhausted: 429 You exceeded your current quota, please check your plan and billing details. For more information on this error, head to: https://ai.google.dev/gemini-api/docs/rate-limits. [violations {
  quota_metric: "generativelanguage.googleapis.com/generate_content_free_tier_requests"
  quota_id: "GenerateRequestsPerMinutePerProjectPerModel-FreeTier"
  quota_dimensions {
    key: "model"
    value: "gemini-2.5-flash"
  }
  quota_dimensions {
    key: "location"
    value: "global"
  }
  quota_value: 10
}
, links {
  description: "Learn more about Gemini API quotas"
  url: "https://ai.google.dev/gemini-api/docs/rate-limits"
}
, retry_delay {
  seconds: 36
}
]

During handling of the above exception, another exception occurred:

Traceback (most recent call last):
  File "D:\Learn\web_data_generation_pipeline\agents\base_agent.py", line 83, in run
    result = self.execute(input_data, context)
             ^^^^^^^^^^^^^^^^^^^^^^^^^^^^^^^^^
  File "D:\Learn\web_data_generation_pipeline\agents\synthetic_data_generator_agent.py", line 52, in execute
    generated_items = gemini_service.generate_synthetic_data(topic, data_type, language)
                      ^^^^^^^^^^^^^^^^^^^^^^^^^^^^^^^^^^^^^^^^^^^^^^^^^^^^^^^^^^^^^^^^^^
  File "D:\Learn\web_data_generation_pipeline\services\gemini_service.py", line 256, in generate_synthetic_data
    response = self.generate_text(prompt, system_instruction)
               ^^^^^^^^^^^^^^^^^^^^^^^^^^^^^^^^^^^^^^^^^^^^^^
  File "D:\Learn\web_data_generation_pipeline\services\gemini_service.py", line 44, in generate_text
    raise Exception(f"Failed to generate text after {max_retries} attempts: {e}")
Exception: Failed to generate text after 3 attempts: 429 You exceeded your current quota, please check your plan and billing details. For more information on this error, head to: https://ai.google.dev/gemini-api/docs/rate-limits. [violations {
  quota_metric: "generativelanguage.googleapis.com/generate_content_free_tier_requests"
  quota_id: "GenerateRequestsPerMinutePerProjectPerModel-FreeTier"
  quota_dimensions {
    key: "model"
    value: "gemini-2.5-flash"
  }
  quota_dimensions {
    key: "location"
    value: "global"
  }
  quota_value: 10
}
, links {
  description: "Learn more about Gemini API quotas"
  url: "https://ai.google.dev/gemini-api/docs/rate-limits"
}
, retry_delay {
  seconds: 36
}
]
2025-09-07 01:02:30,594 - agent.synthetic_generator_3 - INFO - Starting execution of synthetic_generator_3
2025-09-07 01:02:30,594 - agent.synthetic_generator_3 - INFO - Agent 3 generating triplets data for 141 topics in ar
2025-09-07 01:02:30,594 - agent.synthetic_generator_3 - DEBUG - Generating data for topic (1/141): Œœ„«  «·ÿ» «·√Ê·Ì
2025-09-07 01:02:35,934 - agent.synthetic_generator_3 - DEBUG - Generated 5 data points for topic: Œœ„«  «·ÿ» «·√Ê·Ì
2025-09-07 01:02:35,934 - agent.synthetic_generator_3 - DEBUG - Generating data for topic (2/141): «·œ›«⁄ ⁄‰ «·√ÿ›«· ›Ì «·«Ã „«⁄«  «·„œ—”Ì… Ê«·ﬁ«‰Ê‰Ì…
2025-09-07 01:02:42,372 - agent.synthetic_generator_3 - DEBUG - Generated 5 data points for topic: «·œ›«⁄ ⁄‰ «·√ÿ›«· ›Ì «·«Ã „«⁄«  «·„œ—”Ì… Ê«·ﬁ«‰Ê‰Ì…
2025-09-07 01:02:42,372 - agent.synthetic_generator_3 - DEBUG - Generating data for topic (3/141): »—«„Ã «·Êﬁ«Ì… „‰  ⁄«ÿÌ «·„Ê«œ «·„Œœ—…
2025-09-07 01:02:46,052 - agent.synthetic_generator_3 - DEBUG - Generated 5 data points for topic: »—«„Ã «·Êﬁ«Ì… „‰  ⁄«ÿÌ «·„Ê«œ «·„Œœ—…
2025-09-07 01:02:46,052 - agent.synthetic_generator_3 - DEBUG - Generating data for topic (4/141): ≈“«·… «·„Œ«ÿ „‰ ›„ Ê√‰› ÕœÌÀÌ «·Ê·«œ…
2025-09-07 01:03:03,950 - agent.synthetic_generator_3 - ERROR - Synthetic data generation failed for agent 3: Failed to generate text after 9 attempts across all API keys: 429 You exceeded your current quota, please check your plan and billing details. For more information on this error, head to: https://ai.google.dev/gemini-api/docs/rate-limits. [violations {
  quota_metric: "generativelanguage.googleapis.com/generate_content_free_tier_requests"
  quota_id: "GenerateRequestsPerMinutePerProjectPerModel-FreeTier"
  quota_dimensions {
    key: "model"
    value: "gemini-2.5-flash"
  }
  quota_dimensions {
    key: "location"
    value: "global"
  }
  quota_value: 10
}
, links {
  description: "Learn more about Gemini API quotas"
  url: "https://ai.google.dev/gemini-api/docs/rate-limits"
}
, retry_delay {
  seconds: 56
}
]
2025-09-07 01:03:03,950 - agent.synthetic_generator_3 - ERROR - Error in synthetic_generator_3 after 33.36s: Failed to generate text after 9 attempts across all API keys: 429 You exceeded your current quota, please check your plan and billing details. For more information on this error, head to: https://ai.google.dev/gemini-api/docs/rate-limits. [violations {
  quota_metric: "generativelanguage.googleapis.com/generate_content_free_tier_requests"
  quota_id: "GenerateRequestsPerMinutePerProjectPerModel-FreeTier"
  quota_dimensions {
    key: "model"
    value: "gemini-2.5-flash"
  }
  quota_dimensions {
    key: "location"
    value: "global"
  }
  quota_value: 10
}
, links {
  description: "Learn more about Gemini API quotas"
  url: "https://ai.google.dev/gemini-api/docs/rate-limits"
}
, retry_delay {
  seconds: 56
}
]
Traceback (most recent call last):
  File "D:\Learn\web_data_generation_pipeline\services\gemini_service.py", line 49, in generate_text
    response = self.model.generate_content(
               ^^^^^^^^^^^^^^^^^^^^^^^^^^^^
  File "D:\Learn\web_data_generation_pipeline\.venv\Lib\site-packages\google\generativeai\generative_models.py", line 243, in generate_content
    response = self._client.generate_content(request)
               ^^^^^^^^^^^^^^^^^^^^^^^^^^^^^^^^^^^^^^
  File "D:\Learn\web_data_generation_pipeline\.venv\Lib\site-packages\google\ai\generativelanguage_v1beta\services\generative_service\client.py", line 566, in generate_content
    response = rpc(
               ^^^^
  File "D:\Learn\web_data_generation_pipeline\.venv\Lib\site-packages\google\api_core\gapic_v1\method.py", line 131, in __call__
    return wrapped_func(*args, **kwargs)
           ^^^^^^^^^^^^^^^^^^^^^^^^^^^^^
  File "D:\Learn\web_data_generation_pipeline\.venv\Lib\site-packages\google\api_core\retry\retry_unary.py", line 294, in retry_wrapped_func
    return retry_target(
           ^^^^^^^^^^^^^
  File "D:\Learn\web_data_generation_pipeline\.venv\Lib\site-packages\google\api_core\retry\retry_unary.py", line 156, in retry_target
    next_sleep = _retry_error_helper(
                 ^^^^^^^^^^^^^^^^^^^^
  File "D:\Learn\web_data_generation_pipeline\.venv\Lib\site-packages\google\api_core\retry\retry_base.py", line 214, in _retry_error_helper
    raise final_exc from source_exc
  File "D:\Learn\web_data_generation_pipeline\.venv\Lib\site-packages\google\api_core\retry\retry_unary.py", line 147, in retry_target
    result = target()
             ^^^^^^^^
  File "D:\Learn\web_data_generation_pipeline\.venv\Lib\site-packages\google\api_core\timeout.py", line 130, in func_with_timeout
    return func(*args, **kwargs)
           ^^^^^^^^^^^^^^^^^^^^^
  File "D:\Learn\web_data_generation_pipeline\.venv\Lib\site-packages\google\api_core\grpc_helpers.py", line 78, in error_remapped_callable
    raise exceptions.from_grpc_error(exc) from exc
google.api_core.exceptions.ResourceExhausted: 429 You exceeded your current quota, please check your plan and billing details. For more information on this error, head to: https://ai.google.dev/gemini-api/docs/rate-limits. [violations {
  quota_metric: "generativelanguage.googleapis.com/generate_content_free_tier_requests"
  quota_id: "GenerateRequestsPerMinutePerProjectPerModel-FreeTier"
  quota_dimensions {
    key: "model"
    value: "gemini-2.5-flash"
  }
  quota_dimensions {
    key: "location"
    value: "global"
  }
  quota_value: 10
}
, links {
  description: "Learn more about Gemini API quotas"
  url: "https://ai.google.dev/gemini-api/docs/rate-limits"
}
, retry_delay {
  seconds: 56
}
]

During handling of the above exception, another exception occurred:

Traceback (most recent call last):
  File "D:\Learn\web_data_generation_pipeline\agents\base_agent.py", line 83, in run
    result = self.execute(input_data, context)
             ^^^^^^^^^^^^^^^^^^^^^^^^^^^^^^^^^
  File "D:\Learn\web_data_generation_pipeline\agents\synthetic_data_generator_agent.py", line 52, in execute
    generated_items = gemini_service.generate_synthetic_data(topic, data_type, language)
                      ^^^^^^^^^^^^^^^^^^^^^^^^^^^^^^^^^^^^^^^^^^^^^^^^^^^^^^^^^^^^^^^^^^
  File "D:\Learn\web_data_generation_pipeline\services\gemini_service.py", line 276, in generate_synthetic_data
    response = self.generate_text(prompt, system_instruction)
               ^^^^^^^^^^^^^^^^^^^^^^^^^^^^^^^^^^^^^^^^^^^^^^
  File "D:\Learn\web_data_generation_pipeline\services\gemini_service.py", line 64, in generate_text
    raise Exception(f"Failed to generate text after {max_retries * len(self.api_keys)} attempts across all API keys: {e}")
Exception: Failed to generate text after 9 attempts across all API keys: 429 You exceeded your current quota, please check your plan and billing details. For more information on this error, head to: https://ai.google.dev/gemini-api/docs/rate-limits. [violations {
  quota_metric: "generativelanguage.googleapis.com/generate_content_free_tier_requests"
  quota_id: "GenerateRequestsPerMinutePerProjectPerModel-FreeTier"
  quota_dimensions {
    key: "model"
    value: "gemini-2.5-flash"
  }
  quota_dimensions {
    key: "location"
    value: "global"
  }
  quota_value: 10
}
, links {
  description: "Learn more about Gemini API quotas"
  url: "https://ai.google.dev/gemini-api/docs/rate-limits"
}
, retry_delay {
  seconds: 56
}
]
2025-09-07 13:49:37,293 - agent.synthetic_generator_3 - INFO - Starting execution of synthetic_generator_3
2025-09-07 13:49:37,294 - agent.synthetic_generator_3 - INFO - Agent 3 generating Triplets data for 11 topics in ar (Description: (Query, Positive, Negative) (and mix them between (question query and answers in positiv and negative) or 3 sentences in query, posituve and negative))
2025-09-07 13:49:37,295 - agent.synthetic_generator_3 - DEBUG - Generating data for topic (1/11):  Õ·Ì· «·’Ê— «·ÿ»Ì… »«·–ﬂ«¡ «·«’ÿ‰«⁄Ì · ‘ŒÌ’ «·√„—«÷
2025-09-07 13:49:37,295 - agent.synthetic_generator_3 - ERROR - Synthetic data generation failed for agent 3: GeminiService.generate_synthetic_data() takes 4 positional arguments but 5 were given
2025-09-07 13:49:37,296 - agent.synthetic_generator_3 - ERROR - Error in synthetic_generator_3 after 0.00s: GeminiService.generate_synthetic_data() takes 4 positional arguments but 5 were given
Traceback (most recent call last):
  File "D:\Learn\web_data_generation_pipeline\agents\base_agent.py", line 83, in run
    result = self.execute(input_data, context)
             ^^^^^^^^^^^^^^^^^^^^^^^^^^^^^^^^^
  File "D:\Learn\web_data_generation_pipeline\agents\synthetic_data_generator_agent.py", line 56, in execute
    generated_items = gemini_service.generate_synthetic_data(topic, data_type, language, description)
                      ^^^^^^^^^^^^^^^^^^^^^^^^^^^^^^^^^^^^^^^^^^^^^^^^^^^^^^^^^^^^^^^^^^^^^^^^^^^^^^^
TypeError: GeminiService.generate_synthetic_data() takes 4 positional arguments but 5 were given
2025-09-07 13:57:04,300 - agent.synthetic_generator_3 - INFO - Starting execution of synthetic_generator_3
2025-09-07 13:57:04,300 - agent.synthetic_generator_3 - INFO - Agent 3 generating Triplets data for 11 topics in ar (Description: (Query, Positive, Negative) (and mix them between (question query and answers in positiv and negative) or 3 sentences in query, posituve and negative))
2025-09-07 13:57:04,301 - agent.synthetic_generator_3 - DEBUG - Generating data for topic (1/11): ¬·Ì… ⁄„· «·ÃÂ«“ «·„‰«⁄Ì ›Ì «· ⁄—› ⁄·Ï «·„” ÷œ« 
2025-09-07 13:57:15,094 - agent.synthetic_generator_3 - DEBUG - Generated 5 data points for topic: ¬·Ì… ⁄„· «·ÃÂ«“ «·„‰«⁄Ì ›Ì «· ⁄—› ⁄·Ï «·„” ÷œ« 
2025-09-07 13:57:15,094 - agent.synthetic_generator_3 - DEBUG - Generating data for topic (2/11):  ﬂÊÌ‰ «·√Ã”«„ «·„÷«œ… «·–« Ì…
2025-09-07 13:57:21,835 - agent.synthetic_generator_3 - DEBUG - Generated 5 data points for topic:  ﬂÊÌ‰ «·√Ã”«„ «·„÷«œ… «·–« Ì…
2025-09-07 13:57:21,835 - agent.synthetic_generator_3 - DEBUG - Generating data for topic (3/11): ÿ—ﬁ  ‘ŒÌ’ «÷ÿ—«»«  «·„‰«⁄… «·–« Ì…
2025-09-07 13:57:30,092 - agent.synthetic_generator_3 - DEBUG - Generated 5 data points for topic: ÿ—ﬁ  ‘ŒÌ’ «÷ÿ—«»«  «·„‰«⁄… «·–« Ì…
2025-09-07 13:57:30,093 - agent.synthetic_generator_3 - DEBUG - Generating data for topic (4/11): „»«œ∆ ⁄·«Ã «÷ÿ—«»«  «·„‰«⁄… «·–« Ì…
2025-09-07 13:57:36,619 - agent.synthetic_generator_3 - DEBUG - Generated 5 data points for topic: „»«œ∆ ⁄·«Ã «÷ÿ—«»«  «·„‰«⁄… «·–« Ì…
2025-09-07 13:57:36,619 - agent.synthetic_generator_3 - DEBUG - Generating data for topic (5/11): ¬·Ì… ⁄„· „—÷ «·–∆»… «·Õ„«„Ì… «·ÃÂ«“Ì… (SLE)
2025-09-07 13:57:47,372 - agent.synthetic_generator_3 - DEBUG - Generated 5 data points for topic: ¬·Ì… ⁄„· „—÷ «·–∆»… «·Õ„«„Ì… «·ÃÂ«“Ì… (SLE)
2025-09-07 13:57:47,372 - agent.synthetic_generator_3 - DEBUG - Generating data for topic (6/11): «·⁄Ê«„· «·„ƒœÌ… · ›«ﬁ„ √⁄—«÷ «·–∆»… «·Õ„—«¡
2025-09-07 13:58:13,995 - agent.synthetic_generator_3 - DEBUG - Generated 5 data points for topic: «·⁄Ê«„· «·„ƒœÌ… · ›«ﬁ„ √⁄—«÷ «·–∆»… «·Õ„—«¡
2025-09-07 13:58:15,996 - agent.synthetic_generator_3 - DEBUG - Generating data for topic (7/11): œÊ— «·√Ã”«„ «·„÷«œ… ··‰Ê«… ›Ì  ‘ŒÌ’ SLE
2025-09-07 13:58:25,022 - agent.synthetic_generator_3 - DEBUG - Generated 5 data points for topic: œÊ— «·√Ã”«„ «·„÷«œ… ··‰Ê«… ›Ì  ‘ŒÌ’ SLE
2025-09-07 13:58:25,023 - agent.synthetic_generator_3 - DEBUG - Generating data for topic (8/11): «·√⁄—«÷ «·”—Ì—Ì… «·‘«∆⁄… ··–∆»… «·Õ„—«¡
2025-09-07 13:58:33,245 - agent.synthetic_generator_3 - DEBUG - Generated 5 data points for topic: «·√⁄—«÷ «·”—Ì—Ì… «·‘«∆⁄… ··–∆»… «·Õ„—«¡
2025-09-07 13:58:33,245 - agent.synthetic_generator_3 - DEBUG - Generating data for topic (9/11): √”«·Ì»  ‘ŒÌ’ «·–∆»… «·Õ„«„Ì… «·ÃÂ«“Ì…
2025-09-07 13:58:40,378 - agent.synthetic_generator_3 - DEBUG - Generated 5 data points for topic: √”«·Ì»  ‘ŒÌ’ «·–∆»… «·Õ„«„Ì… «·ÃÂ«“Ì…
2025-09-07 13:58:40,378 - agent.synthetic_generator_3 - DEBUG - Generating data for topic (10/11): «” Œœ«„ „À»ÿ«  «·„‰«⁄… Ê«·” Ì—ÊÌœ«  ›Ì ⁄·«Ã SLE
2025-09-07 13:58:48,646 - agent.synthetic_generator_3 - DEBUG - Generated 5 data points for topic: «” Œœ«„ „À»ÿ«  «·„‰«⁄… Ê«·” Ì—ÊÌœ«  ›Ì ⁄·«Ã SLE
2025-09-07 13:58:48,646 - agent.synthetic_generator_3 - DEBUG - Generating data for topic (11/11): ≈—‘«œ«  «·—⁄«Ì… «·–« Ì… ·„—÷Ï «·–∆»… «·Õ„—«¡
2025-09-07 13:58:57,422 - agent.synthetic_generator_3 - DEBUG - Generated 5 data points for topic: ≈—‘«œ«  «·—⁄«Ì… «·–« Ì… ·„—÷Ï «·–∆»… «·Õ„—«¡
2025-09-07 13:58:59,423 - agent.synthetic_generator_3 - INFO - Agent 3 completed: 55 data points generated
2025-09-07 13:58:59,423 - agent.synthetic_generator_3 - INFO - Success rate: 11/11 topics (100.0%)
2025-09-07 13:58:59,425 - agent.synthetic_generator_3 - DEBUG - Data saved to D:\Learn\web_data_generation_pipeline\storage\synthetic_data\generated_data_3.json
2025-09-07 13:58:59,426 - agent.synthetic_generator_3 - INFO - Completed execution of synthetic_generator_3 in 115.13s
2025-09-07 17:15:06,374 - agent.synthetic_generator_3 - INFO - Starting execution of synthetic_generator_3
2025-09-07 17:15:06,375 - agent.synthetic_generator_3 - INFO - Agent 3 generating hard negative samples data for 15 topics in ar (Description: (anchore, positive, and 3 hard negatives). mix them between short negatives and positive samples and long negative and positive samples)
2025-09-07 17:15:06,376 - agent.synthetic_generator_3 - DEBUG - Generating data for topic (1/15): √‰Ê«⁄ «·√”„œ… «·”«∆·… «·“—«⁄Ì…
2025-09-07 17:15:32,175 - agent.synthetic_generator_3 - DEBUG - Generated 5 data points for topic: √‰Ê«⁄ «·√”„œ… «·”«∆·… «·“—«⁄Ì…
2025-09-07 17:15:32,175 - agent.synthetic_generator_3 - DEBUG - Generating data for topic (2/15): »–Ê— «·√⁄·«› «·“—«⁄Ì…
2025-09-07 17:15:47,201 - agent.synthetic_generator_3 - DEBUG - Generated 5 data points for topic: »–Ê— «·√⁄·«› «·“—«⁄Ì…
2025-09-07 17:15:47,201 - agent.synthetic_generator_3 - DEBUG - Generating data for topic (3/15):  ŒÿÌÿ «·’Õ… «·»Ìÿ—Ì… ··„Ê«‘Ì
2025-09-07 17:15:59,136 - agent.synthetic_generator_3 - DEBUG - Generated 5 data points for topic:  ŒÿÌÿ «·’Õ… «·»Ìÿ—Ì… ··„Ê«‘Ì
2025-09-07 17:15:59,137 - agent.synthetic_generator_3 - DEBUG - Generating data for topic (4/15):  ﬁÌÌ„ «·„Œ«ÿ— «·’ÕÌ… ›Ì «·„«‘Ì…
2025-09-07 17:16:11,680 - agent.synthetic_generator_3 - DEBUG - Generated 5 data points for topic:  ﬁÌÌ„ «·„Œ«ÿ— «·’ÕÌ… ›Ì «·„«‘Ì…
2025-09-07 17:16:11,680 - agent.synthetic_generator_3 - DEBUG - Generating data for topic (5/15): «·√„‰ «·ÕÌÊÌ ›Ì „“«—⁄ «·√»ﬁ«— «·Õ·Ê» Ê«··Õ„Ì…
2025-09-07 17:16:38,236 - agent.synthetic_generator_3 - DEBUG - Generated 5 data points for topic: «·√„‰ «·ÕÌÊÌ ›Ì „“«—⁄ «·√»ﬁ«— «·Õ·Ê» Ê«··Õ„Ì…
2025-09-07 17:16:38,236 - agent.synthetic_generator_3 - DEBUG - Generating data for topic (6/15): ≈œ«—… «·”—”Ê» Ê €–Ì… «·⁄ÃÊ·
2025-09-07 17:16:57,846 - agent.synthetic_generator_3 - DEBUG - Generated 5 data points for topic: ≈œ«—… «·”—”Ê» Ê €–Ì… «·⁄ÃÊ·
2025-09-07 17:16:59,847 - agent.synthetic_generator_3 - DEBUG - Generating data for topic (7/15): ≈œ«—… «·≈”Â«· ›Ì «·⁄ÃÊ·
2025-09-07 17:17:16,476 - agent.synthetic_generator_3 - DEBUG - Generated 5 data points for topic: ≈œ«—… «·≈”Â«· ›Ì «·⁄ÃÊ·
2025-09-07 17:17:16,476 - agent.synthetic_generator_3 - DEBUG - Generating data for topic (8/15): „‘«ﬂ· «·Ê·«œ… (⁄”— «·Ê·«œ…) ›Ì «·√»ﬁ«—
2025-09-07 17:17:40,994 - agent.synthetic_generator_3 - DEBUG - Generated 5 data points for topic: „‘«ﬂ· «·Ê·«œ… (⁄”— «·Ê·«œ…) ›Ì «·√»ﬁ«—
2025-09-07 17:17:40,994 - agent.synthetic_generator_3 - DEBUG - Generating data for topic (9/15): «· Â«» «·Ã·œ «·—ﬁ„Ì ›Ì «·√»ﬁ«—
2025-09-07 17:18:00,565 - agent.synthetic_generator_3 - DEBUG - Generated 5 data points for topic: «· Â«» «·Ã·œ «·—ﬁ„Ì ›Ì «·√»ﬁ«—
2025-09-07 17:18:00,565 - agent.synthetic_generator_3 - DEBUG - Generating data for topic (10/15): ﬂ‘› «·‘»ﬁ («·Õ—«—…) ›Ì «·√»ﬁ«— «·Õ·Ê»
2025-09-07 17:18:18,104 - agent.synthetic_generator_3 - DEBUG - Generated 5 data points for topic: ﬂ‘› «·‘»ﬁ («·Õ—«—…) ›Ì «·√»ﬁ«— «·Õ·Ê»
2025-09-07 17:18:18,104 - agent.synthetic_generator_3 - DEBUG - Generating data for topic (11/15):  ‘ŒÌ’ «·Õ„· ›Ì «·√»ﬁ«—
2025-09-07 17:18:35,016 - agent.synthetic_generator_3 - DEBUG - Generated 5 data points for topic:  ‘ŒÌ’ «·Õ„· ›Ì «·√»ﬁ«—
2025-09-07 17:18:37,018 - agent.synthetic_generator_3 - DEBUG - Generating data for topic (12/15): „ﬁ«Ê„… „÷«œ«  «·„Ìﬂ—Ê»«  ›Ì «·„Ê«‘Ì
2025-09-07 17:18:56,027 - agent.synthetic_generator_3 - DEBUG - Generated 5 data points for topic: „ﬁ«Ê„… „÷«œ«  «·„Ìﬂ—Ê»«  ›Ì «·„Ê«‘Ì
2025-09-07 17:18:56,028 - agent.synthetic_generator_3 - DEBUG - Generating data for topic (13/15): „ﬂ«›Õ… «·œÌœ«‰ «·ﬂ»œÌ… ›Ì «·√»ﬁ«—
2025-09-07 17:19:08,402 - agent.synthetic_generator_3 - DEBUG - Generated 5 data points for topic: „ﬂ«›Õ… «·œÌœ«‰ «·ﬂ»œÌ… ›Ì «·√»ﬁ«—
2025-09-07 17:19:08,402 - agent.synthetic_generator_3 - DEBUG - Generating data for topic (14/15):  ’„Ì„ Ê≈œ«—… „”«ﬂ‰ «·⁄ÃÊ·
2025-09-07 17:19:23,454 - agent.synthetic_generator_3 - DEBUG - Generated 5 data points for topic:  ’„Ì„ Ê≈œ«—… „”«ﬂ‰ «·⁄ÃÊ·
2025-09-07 17:19:23,454 - agent.synthetic_generator_3 - DEBUG - Generating data for topic (15/15):  “«„‰ «·‘»ﬁ ›Ì ﬁÿ⁄«‰ «·√»ﬁ«—
2025-09-07 17:19:40,346 - agent.synthetic_generator_3 - DEBUG - Generated 5 data points for topic:  “«„‰ «·‘»ﬁ ›Ì ﬁÿ⁄«‰ «·√»ﬁ«—
2025-09-07 17:19:40,347 - agent.synthetic_generator_3 - INFO - Agent 3 completed: 75 data points generated
2025-09-07 17:19:40,347 - agent.synthetic_generator_3 - INFO - Success rate: 15/15 topics (100.0%)
2025-09-07 17:19:40,349 - agent.synthetic_generator_3 - DEBUG - Data saved to D:\Learn\web_data_generation_pipeline\storage\synthetic_data\generated_data_3.json
2025-09-07 17:19:40,349 - agent.synthetic_generator_3 - INFO - Completed execution of synthetic_generator_3 in 273.98s
2025-09-07 17:33:27,971 - agent.synthetic_generator_3 - INFO - Starting execution of synthetic_generator_3
2025-09-07 17:33:27,972 - agent.synthetic_generator_3 - INFO - Agent 3 generating triplets data for 7 topics in ar (Description: The dataset consists of (anchore, positive and 3 negatives (negative_1, negative_2, negative_3)) columns. The anchore is a sentence or a quewstion. mix between short and long sentences.)
2025-09-07 17:33:27,972 - agent.synthetic_generator_3 - DEBUG - Generating data for topic (1/7): «·“—«⁄… «·„Õ„Ì… · Õ”Ì‰ ÃÊœ… «·„Õ«’Ì·
2025-09-07 17:33:40,461 - agent.synthetic_generator_3 - DEBUG - Generated 5 data points for topic: «·“—«⁄… «·„Õ„Ì… · Õ”Ì‰ ÃÊœ… «·„Õ«’Ì·
2025-09-07 17:33:40,461 - agent.synthetic_generator_3 - DEBUG - Generating data for topic (2/7):  ÿÊÌ— «·‰»« «  «·„⁄œ·… Ê—«ÀÌ« ·„ﬁ«Ê„… «·¬›« 
2025-09-07 17:33:51,385 - agent.synthetic_generator_3 - DEBUG - Generated 5 data points for topic:  ÿÊÌ— «·‰»« «  «·„⁄œ·… Ê—«ÀÌ« ·„ﬁ«Ê„… «·¬›« 
2025-09-07 17:33:51,385 - agent.synthetic_generator_3 - DEBUG - Generating data for topic (3/7):  Õ”Ì‰ ﬂ›«¡… «” Œœ«„ «·„«¡ ›Ì «·“—«⁄…
2025-09-07 17:34:04,181 - agent.synthetic_generator_3 - DEBUG - Generated 5 data points for topic:  Õ”Ì‰ ﬂ›«¡… «” Œœ«„ «·„«¡ ›Ì «·“—«⁄…
2025-09-07 17:34:04,182 - agent.synthetic_generator_3 - DEBUG - Generating data for topic (4/7): «” Œœ«„ «·√”„œ… «·⁄÷ÊÌ… «·„” œ«„…
2025-09-07 17:34:32,781 - agent.synthetic_generator_3 - DEBUG - Generated 5 data points for topic: «” Œœ«„ «·√”„œ… «·⁄÷ÊÌ… «·„” œ«„…
2025-09-07 17:34:32,781 - agent.synthetic_generator_3 - DEBUG - Generating data for topic (5/7): «· Õﬂ„ «·»ÌÊ·ÊÃÌ ›Ì «·¬›«  «·“—«⁄Ì…
2025-09-07 17:34:43,915 - agent.synthetic_generator_3 - DEBUG - Generated 5 data points for topic: «· Õﬂ„ «·»ÌÊ·ÊÃÌ ›Ì «·¬›«  «·“—«⁄Ì…
2025-09-07 17:34:43,915 - agent.synthetic_generator_3 - DEBUG - Generating data for topic (6/7): «·“—«⁄… «·„ ﬂ«„·… ·„ﬂ«›Õ… «·¬›« 
2025-09-07 17:34:56,285 - agent.synthetic_generator_3 - DEBUG - Generated 5 data points for topic: «·“—«⁄… «·„ ﬂ«„·… ·„ﬂ«›Õ… «·¬›« 
2025-09-07 17:34:58,287 - agent.synthetic_generator_3 - DEBUG - Generating data for topic (7/7): «·„—«ﬁ»… «·œﬁÌﬁ… ··Ÿ—Ê› «·»Ì∆Ì… ›Ì «·“—«⁄…
2025-09-07 17:35:07,258 - agent.synthetic_generator_3 - DEBUG - Generated 5 data points for topic: «·„—«ﬁ»… «·œﬁÌﬁ… ··Ÿ—Ê› «·»Ì∆Ì… ›Ì «·“—«⁄…
2025-09-07 17:35:07,259 - agent.synthetic_generator_3 - INFO - Agent 3 completed: 35 data points generated
2025-09-07 17:35:07,259 - agent.synthetic_generator_3 - INFO - Success rate: 7/7 topics (100.0%)
2025-09-07 17:35:07,260 - agent.synthetic_generator_3 - DEBUG - Data saved to D:\Learn\web_data_generation_pipeline\storage\synthetic_data\generated_data_3.json
2025-09-07 17:35:07,261 - agent.synthetic_generator_3 - INFO - Completed execution of synthetic_generator_3 in 99.29s
2025-09-07 20:46:12,386 - agent.synthetic_generator_3 - INFO - Starting execution of synthetic_generator_3
2025-09-07 20:46:12,387 - agent.synthetic_generator_3 - INFO - Agent 3 generating n-plet data for 6 topics in Egyptian Arabic (Description: The dataset consists of (anchore, positive and 3 negatives (negative_1, negative_2, negative_3)) columns. The anchore is a sentence or a quewstion. mix between short and long sentences.)
2025-09-07 20:46:12,387 - agent.synthetic_generator_3 - DEBUG - Generating data for topic (1/6): „ﬁ«—‰… ‰„ÿ Õ—ﬂ… «·—Ì «·ŒÿÌ »«·„ÕÊ—Ì
2025-09-07 20:46:25,355 - agent.synthetic_generator_3 - DEBUG - Generated 5 data points for topic: „ﬁ«—‰… ‰„ÿ Õ—ﬂ… «·—Ì «·ŒÿÌ »«·„ÕÊ—Ì
2025-09-07 20:46:25,355 - agent.synthetic_generator_3 - DEBUG - Generating data for topic (2/6): „“«Ì« Ê⁄ÌÊ» «·—Ì »«·„—‘« 
2025-09-07 20:46:39,136 - agent.synthetic_generator_3 - DEBUG - Generated 5 data points for topic: „“«Ì« Ê⁄ÌÊ» «·—Ì »«·„—‘« 
2025-09-07 20:46:39,136 - agent.synthetic_generator_3 - DEBUG - Generating data for topic (3/6): ÿ—Ìﬁ… ⁄„· «·—Ì »«· ‰ﬁÌÿ
2025-09-07 20:46:51,369 - agent.synthetic_generator_3 - DEBUG - Generated 5 data points for topic: ÿ—Ìﬁ… ⁄„· «·—Ì »«· ‰ﬁÌÿ
2025-09-07 20:46:51,369 - agent.synthetic_generator_3 - DEBUG - Generating data for topic (4/6):  ÕœÌ«   —ﬂÌ» «·—Ì »«· ‰ﬁÌÿ
2025-09-07 20:47:03,397 - agent.synthetic_generator_3 - DEBUG - Generated 5 data points for topic:  ÕœÌ«   —ﬂÌ» «·—Ì »«· ‰ﬁÌÿ
2025-09-07 20:47:03,397 - agent.synthetic_generator_3 - DEBUG - Generating data for topic (5/6): ›Ê«∆œ «·—Ì »«·›ﬁ«⁄«  ·· —»… Ê«·‰»« 
2025-09-07 20:47:16,598 - agent.synthetic_generator_3 - DEBUG - Generated 5 data points for topic: ›Ê«∆œ «·—Ì »«·›ﬁ«⁄«  ·· —»… Ê«·‰»« 
2025-09-07 20:47:16,598 - agent.synthetic_generator_3 - DEBUG - Generating data for topic (6/6): ⁄ÌÊ» «·—Ì «·”ÿÕÌ Ê›ﬁœ«‰ «·„Ì«Â
2025-09-07 20:47:29,718 - agent.synthetic_generator_3 - DEBUG - Generated 5 data points for topic: ⁄ÌÊ» «·—Ì «·”ÿÕÌ Ê›ﬁœ«‰ «·„Ì«Â
2025-09-07 20:47:31,719 - agent.synthetic_generator_3 - INFO - Agent 3 completed: 30 data points generated
2025-09-07 20:47:31,719 - agent.synthetic_generator_3 - INFO - Success rate: 6/6 topics (100.0%)
2025-09-07 20:47:31,721 - agent.synthetic_generator_3 - DEBUG - Data saved to D:\Learn\web_data_generation_pipeline\storage\synthetic_data\generated_data_3.json
2025-09-07 20:47:31,721 - agent.synthetic_generator_3 - INFO - Completed execution of synthetic_generator_3 in 79.33s
2025-09-07 20:53:38,766 - agent.synthetic_generator_3 - INFO - Starting execution of synthetic_generator_3
2025-09-07 20:53:38,766 - agent.synthetic_generator_3 - INFO - Agent 3 generating triplets data for 9 topics in Egyptian Arabic (Description: The dataset consists of (anchor, positive, and 3 negatives (negative_1, negative_2, negative_3)) columns. The anchor is a sentence or a question. mix between short and long sentences.)
2025-09-07 20:53:38,766 - agent.synthetic_generator_3 - DEBUG - Generating data for topic (1/9): „ «Õ› Ê «—ÌŒ ›Ì œ»Ì
2025-09-07 20:53:49,350 - agent.synthetic_generator_3 - DEBUG - Generated 5 data points for topic: „ «Õ› Ê «—ÌŒ ›Ì œ»Ì
2025-09-07 20:53:49,350 - agent.synthetic_generator_3 - DEBUG - Generating data for topic (2/9): «· ŒÌÌ„ ›Ì ﬁÿ—
2025-09-07 20:54:00,268 - agent.synthetic_generator_3 - DEBUG - Generated 5 data points for topic: «· ŒÌÌ„ ›Ì ﬁÿ—
2025-09-07 20:54:00,268 - agent.synthetic_generator_3 - DEBUG - Generating data for topic (3/9): ÃÊ·«  Â·ÌﬂÊ» — ›Ì „”ﬁÿ
2025-09-07 20:54:14,004 - agent.synthetic_generator_3 - DEBUG - Generated 5 data points for topic: ÃÊ·«  Â·ÌﬂÊ» — ›Ì „”ﬁÿ
2025-09-07 20:54:14,004 - agent.synthetic_generator_3 - DEBUG - Generating data for topic (4/9): √‰‘ÿ… ›Ì ÕœÌﬁ… ‘·«·«  «·’Õ—«¡ ··„€«„—«  «·„«∆Ì… »ﬁÿ—
2025-09-07 20:54:26,973 - agent.synthetic_generator_3 - DEBUG - Generated 5 data points for topic: √‰‘ÿ… ›Ì ÕœÌﬁ… ‘·«·«  «·’Õ—«¡ ··„€«„—«  «·„«∆Ì… »ﬁÿ—
2025-09-07 20:54:26,973 - agent.synthetic_generator_3 - DEBUG - Generating data for topic (5/9): «·ﬁ›“ «·œ«Œ·Ì »«·„Ÿ·«  ›Ì «·ﬂÊÌ 
2025-09-07 20:54:52,162 - agent.synthetic_generator_3 - DEBUG - Generated 5 data points for topic: «·ﬁ›“ «·œ«Œ·Ì »«·„Ÿ·«  ›Ì «·ﬂÊÌ 
2025-09-07 20:54:52,162 - agent.synthetic_generator_3 - DEBUG - Generating data for topic (6/9): Â«Ìﬂ‰Ã ›Ì ⁄„«‰
2025-09-07 20:55:08,454 - agent.synthetic_generator_3 - DEBUG - Generated 5 data points for topic: Â«Ìﬂ‰Ã ›Ì ⁄„«‰
2025-09-07 20:55:10,454 - agent.synthetic_generator_3 - DEBUG - Generating data for topic (7/9):  ”Êﬁ ›Ì œ»Ì
2025-09-07 20:55:25,360 - agent.synthetic_generator_3 - DEBUG - Generated 5 data points for topic:  ”Êﬁ ›Ì œ»Ì
2025-09-07 20:55:25,360 - agent.synthetic_generator_3 - DEBUG - Generating data for topic (8/9): œ—«Ã… —»«⁄Ì… ›Ì √„·Ã
2025-09-07 20:55:36,522 - agent.synthetic_generator_3 - DEBUG - Generated 5 data points for topic: œ—«Ã… —»«⁄Ì… ›Ì √„·Ã
2025-09-07 20:55:36,523 - agent.synthetic_generator_3 - DEBUG - Generating data for topic (9/9): —Õ·«  Ã“Ì—… ›Ì·ﬂ«
2025-09-07 20:55:46,461 - agent.synthetic_generator_3 - DEBUG - Generated 5 data points for topic: —Õ·«  Ã“Ì—… ›Ì·ﬂ«
2025-09-07 20:55:46,461 - agent.synthetic_generator_3 - INFO - Agent 3 completed: 45 data points generated
2025-09-07 20:55:46,462 - agent.synthetic_generator_3 - INFO - Success rate: 9/9 topics (100.0%)
2025-09-07 20:55:46,463 - agent.synthetic_generator_3 - DEBUG - Data saved to D:\Learn\web_data_generation_pipeline\storage\synthetic_data\generated_data_3.json
2025-09-07 20:55:46,463 - agent.synthetic_generator_3 - INFO - Completed execution of synthetic_generator_3 in 127.70s
